
> smac-routesetting-dashboard@0.0.0 build
> vite build

[36mvite v6.4.1 [32mbuilding for production...[36m[39m
transforming...
[32mΓ£ô[39m 1706 modules transformed.
node.exe : 
[31mΓ£ù[39m Build 
failed in 1.49s
At C:\Users\Swap\AppDat
a\Roaming\npm\npm.ps1:2
4 char:5
+     & "node$exe"  "$b
asedir/node_modules/npm
/bin/npm-cli.js" $args
+     ~~~~~~~~~~~~~~~~~
~~~~~~~~~~~~~~~~~~~~~~~
~~~~~~~~~~~~~~~~~~~~~~
    + CategoryInfo     
         : NotSpecifi  
  ed: ([31mΓ£ù[39m   
  Build failed in 1    
.49s:String) [], R    
emoteException
    + FullyQualifiedEr 
   rorId : NativeComm  
  andError
 
[31merror during 
build:
[31mCould not resolve 
"./analyzer/LaborSimula
tor" from "components/S
hiftAnalyzer.tsx"[31m
file: [36mF:/Projects/
smac-setting-dashboard/
components/ShiftAnalyze
r.tsx[31m
    at getRollupError (
file:///F:/Projects/sma
c-setting-dashboard/nod
e_modules/rollup/dist/e
s/shared/parseAst.js:40
1:41)
    at error (file:///F
:/Projects/smac-setting
-dashboard/node_modules
/rollup/dist/es/shared/
parseAst.js:397:42)
    at ModuleLoader.han
dleInvalidResolvedId (f
ile:///F:/Projects/smac
-setting-dashboard/node
_modules/rollup/dist/es
/shared/node-entry.js:2
1709:24)
    at file:///F:/Proje
cts/smac-setting-dashbo
ard/node_modules/rollup
/dist/es/shared/node-en
try.js:21669:26[39m
